// Bun Snapshot v1, https://bun.sh/docs/test/snapshots

exports[`buildStepPrompt 全セクション・記法・ネスト・H6キャップを含むレンダリング全体をスナップショット化する 1`] = `
"## 目的

計画 Issue の残ステップを順に完了させる。

1. tado status でセッション状態を確認
2. 未完了ステップを report 付きで進める

- 判断に迷ったら plan Issue にコメントする
- dynamic: 実行時に入れ替わる値

## 完了条件

### ゲート条件

全ステップの履歴が completed
#### チェック内容

bun test が通る
##### 静的解析

tsc --noEmit

## 方針

### 階層 L1

#### 階層 L2

##### 階層 L3

###### 階層 L4

###### 階層 L5

###### 階層 L6

###### 階層 L7

最深部の本文
### 見出しのみのセクション
\`\`\`bash
tado next --session <id>
\`\`\`

## 出力

### 動的見出し

生成物のパスを報告する

## 注意事項

スコープ外のファイルは変更しない
既存テストを壊さない

## インプット

plan Issue 本文
hunk コメント一覧"
`;
